keytrace.sno:5 stmt 5: &STCOUNT = 4, time = xxx
keytrace.sno:6 stmt 6: &STCOUNT = 5, time = xxx
keytrace.sno:7 stmt 7: &STCOUNT = 6, time = xxx
keytrace.sno:8 stmt 8: &STCOUNT = 7, time = xxx
keytrace.sno:9 stmt 9: &STCOUNT = 8, time = xxx
keytrace.sno:10 stmt 10: &STCOUNT = 9, time = xxx
keytrace.sno:11 stmt 11: &STNO = 11, time = xxx
keytrace.sno:11 stmt 11: &STCOUNT = 10, time = xxx
keytrace.sno:12 stmt 12: &STCOUNT = 11, time = xxx
keytrace.sno:13 stmt 13: &STNO = 13, time = xxx
keytrace.sno:13 stmt 13: &STCOUNT = 12, time = xxx
keytrace.sno:14 stmt 14: &STCOUNT = 13, time = xxx
keytrace.sno:15 stmt 15: &STNO = 15, time = xxx
keytrace.sno:15 stmt 15: &STCOUNT = 14, time = xxx
keytrace.sno:16 stmt 16: &STCOUNT = 15, time = xxx
keytrace.sno:17 stmt 17: &STNO = 17, time = xxx
keytrace.sno:17 stmt 17: &STCOUNT = 16, time = xxx
keytrace.sno:18 stmt 18: &STCOUNT = 17, time = xxx
keytrace.sno:19 stmt 19: &STCOUNT = 18, time = xxx
keytrace.sno:20 stmt 20: &STCOUNT = 19, time = xxx
keytrace.sno:21 stmt 21: &STCOUNT = 20, time = xxx
keytrace.sno:22 stmt 22: &STCOUNT = 21, time = xxx
keytrace.sno:23 stmt 23: &STCOUNT = 22, time = xxx
keytrace.sno:10 stmt 10: &STCOUNT = 23, time = xxx
keytrace.sno:11 stmt 11: &STNO = 11, time = xxx
keytrace.sno:11 stmt 11: &STCOUNT = 24, time = xxx
keytrace.sno:12 stmt 12: &STCOUNT = 25, time = xxx
keytrace.sno:13 stmt 13: &STCOUNT = 26, time = xxx
keytrace.sno:14 stmt 14: &STCOUNT = 27, time = xxx
keytrace.sno:15 stmt 15: &STNO = 15, time = xxx
keytrace.sno:15 stmt 15: &STCOUNT = 28, time = xxx
keytrace.sno:16 stmt 16: &STCOUNT = 29, time = xxx
keytrace.sno:17 stmt 17: &STCOUNT = 30, time = xxx
keytrace.sno:18 stmt 18: &STCOUNT = 31, time = xxx
keytrace.sno:19 stmt 19: &STCOUNT = 32, time = xxx
keytrace.sno:20 stmt 20: &STCOUNT = 33, time = xxx
keytrace.sno:21 stmt 21: &STCOUNT = 34, time = xxx
keytrace.sno:22 stmt 22: &STCOUNT = 35, time = xxx
keytrace.sno:23 stmt 23: &STCOUNT = 36, time = xxx
keytrace.sno:10 stmt 10: &STCOUNT = 37, time = xxx
