spit.sno: 8 statement 7: C = 'yes', time = xxx
spit.sno: 14 statement 10: B = 'yes!!', time = xxx
spit.sno: 14 statement 10: A = 'yes!!', time = xxx
yes!!
yes!!
42.
0.05
cyan
INTEGER: 17
REAL: 3.14159
TOO BIG
too small
Just Right
spit.sno: 53 statement 38: B = 'yes!!', time = xxx
spit.sno: 53 statement 38: A = 'yes!!', time = xxx
spit.sno: 55 statement 40: C = 'yes!!', time = xxx
spit.sno: 56 statement 41: C = 'yes!!', time = xxx
spit.sno: 60 statement 43: C = 'yes!!', time = xxx
spit.sno: 61 statement 44: C = 'yes!!', time = xxx
spit.sno: 62 statement 45: C = 'yes!!', time = xxx
spit.sno: 63 statement 46: C = 'yes!!', time = xxx
spit.sno: 70 statement 50: B = '!!', time = xxx
spit.sno: 74 statement 52: A = 'yes', time = xxx
all done
